python : Traceback 
(most recent call 
last):
At line:1 char:1
+ python manage.py 
showmigrations > 
error_log.txt 2>&1
+ ~~~~~~~~~~~~~~~~~~~
~~~~~~~~~~~~~~~~~~~~~
~~~~~~~~~~~~
    + CategoryInfo   
           : NotSpe  
  cified: (Traceba   
 ck (most recent     
call last)::Stri    
ng) [], RemoteEx    
ception
    + FullyQualified 
   ErrorId : Native  
  CommandError
 
  File "C:\Users\ADMI
N\AppData\Local\Progr
ams\Python\Python310\
lib\site-packages\dja
ngo\db\utils.py", 
line 113, in 
load_backend
    return import_mod
ule("%s.base" % 
backend_name)
  File "C:\Users\ADMI
N\AppData\Local\Progr
ams\Python\Python310\
lib\importlib\__init_
_.py", line 126, in 
import_module
    return _bootstrap
._gcd_import(name[lev
el:], package, level)
  File "<frozen impor
tlib._bootstrap>", 
line 1050, in 
_gcd_import
  File "<frozen impor
tlib._bootstrap>", 
line 1027, in 
_find_and_load
  File "<frozen impor
tlib._bootstrap>", 
line 1006, in _find_a
nd_load_unlocked
  File "<frozen impor
tlib._bootstrap>", 
line 688, in 
_load_unlocked
  File "<frozen impor
tlib._bootstrap_exter
nal>", line 883, in 
exec_module
  File "<frozen impor
tlib._bootstrap>", 
line 241, in _call_wi
th_frames_removed
  File "C:\Users\ADMI
N\AppData\Local\Progr
ams\Python\Python310\
lib\site-packages\djo
ngo\base.py", line 
15, in <module>
    from .operations 
import 
DatabaseOperations
  File "C:\Users\ADMI
N\AppData\Local\Progr
ams\Python\Python310\
lib\site-packages\djo
ngo\operations.py", 
line 4, in <module>
    from 
django.utils import 
six, timezone
ImportError: cannot 
import name 'six' 
from 'django.utils' (
C:\Users\ADMIN\AppDat
a\Local\Programs\Pyth
on\Python310\lib\site
-packages\django\util
s\__init__.py)

The above exception 
was the direct cause 
of the following 
exception:

Traceback (most 
recent call last):
  File "F:\Downloads\
PAPERLY\backend\manag
e.py", line 22, in 
<module>
    main()
  File "F:\Downloads\
PAPERLY\backend\manag
e.py", line 18, in 
main
    execute_from_comm
and_line(sys.argv)
  File "C:\Users\ADMI
N\AppData\Local\Progr
ams\Python\Python310\
lib\site-packages\dja
ngo\core\management\_
_init__.py", line 
442, in execute_from_
command_line
    utility.execute()
  File "C:\Users\ADMI
N\AppData\Local\Progr
ams\Python\Python310\
lib\site-packages\dja
ngo\core\management\_
_init__.py", line 
416, in execute
    django.setup()
  File "C:\Users\ADMI
N\AppData\Local\Progr
ams\Python\Python310\
lib\site-packages\dja
ngo\__init__.py", 
line 24, in setup
    apps.populate(set
tings.INSTALLED_APPS)
  File "C:\Users\ADMI
N\AppData\Local\Progr
ams\Python\Python310\
lib\site-packages\dja
ngo\apps\registry.py"
, line 116, in 
populate
    app_config.import
_models()
  File "C:\Users\ADMI
N\AppData\Local\Progr
ams\Python\Python310\
lib\site-packages\dja
ngo\apps\config.py", 
line 269, in 
import_models
    
self.models_module = 
import_module(models_
module_name)
  File "C:\Users\ADMI
N\AppData\Local\Progr
ams\Python\Python310\
lib\importlib\__init_
_.py", line 126, in 
import_module
    return _bootstrap
._gcd_import(name[lev
el:], package, level)
  File "<frozen impor
tlib._bootstrap>", 
line 1050, in 
_gcd_import
  File "<frozen impor
tlib._bootstrap>", 
line 1027, in 
_find_and_load
  File "<frozen impor
tlib._bootstrap>", 
line 1006, in _find_a
nd_load_unlocked
  File "<frozen impor
tlib._bootstrap>", 
line 688, in 
_load_unlocked
  File "<frozen impor
tlib._bootstrap_exter
nal>", line 883, in 
exec_module
  File "<frozen impor
tlib._bootstrap>", 
line 241, in _call_wi
th_frames_removed
  File "C:\Users\ADMI
N\AppData\Local\Progr
ams\Python\Python310\
lib\site-packages\dja
ngo\contrib\auth\mode
ls.py", line 5, in 
<module>
    from django.contr
ib.auth.base_user 
import 
AbstractBaseUser, 
BaseUserManager
  File "C:\Users\ADMI
N\AppData\Local\Progr
ams\Python\Python310\
lib\site-packages\dja
ngo\contrib\auth\base
_user.py", line 43, 
in <module>
    class AbstractBas
eUser(models.Model):
  File "C:\Users\ADMI
N\AppData\Local\Progr
ams\Python\Python310\
lib\site-packages\dja
ngo\db\models\base.py
", line 145, in 
__new__
    new_class.add_to_
class("_meta", 
Options(meta, 
app_label))
  File "C:\Users\ADMI
N\AppData\Local\Progr
ams\Python\Python310\
lib\site-packages\dja
ngo\db\models\base.py
", line 373, in 
add_to_class
    value.contribute_
to_class(cls, name)
  File "C:\Users\ADMI
N\AppData\Local\Progr
ams\Python\Python310\
lib\site-packages\dja
ngo\db\models\options
.py", line 238, in 
contribute_to_class
    self.db_table, co
nnection.ops.max_name
_length()
  File "C:\Users\ADMI
N\AppData\Local\Progr
ams\Python\Python310\
lib\site-packages\dja
ngo\utils\connection.
py", line 15, in 
__getattr__
    return getattr(se
lf._connections[self.
_alias], item)
  File "C:\Users\ADMI
N\AppData\Local\Progr
ams\Python\Python310\
lib\site-packages\dja
ngo\utils\connection.
py", line 62, in 
__getitem__
    conn = self.creat
e_connection(alias)
  File "C:\Users\ADMI
N\AppData\Local\Progr
ams\Python\Python310\
lib\site-packages\dja
ngo\db\utils.py", 
line 193, in 
create_connection
    backend = load_ba
ckend(db["ENGINE"])
  File "C:\Users\ADMI
N\AppData\Local\Progr
ams\Python\Python310\
lib\site-packages\dja
ngo\db\utils.py", 
line 126, in 
load_backend
    raise 
ImproperlyConfigured(
django.core.exception
s.ImproperlyConfigure
d: 'djongo' isn't an 
available database 
backend or couldn't 
be imported. Check 
the above exception. 
To use one of the 
built-in backends, 
use 'django.db.backen
ds.XXX', where XXX 
is one of:
    'mysql', 
'oracle', 
'postgresql', 
'sqlite3'
